// Vitest Snapshot v1, https://vitest.dev/guide/snapshot.html

exports[`system prompt: live bytes are pinned (CORE-R11 must not change them) > deferred tools on, one tool loaded 1`] = `
{
  "length": 13162,
  "sha256": "6ad996d5f4c638977eaf6647110df6866beb4e86dcec92eabea88549b64d4b98",
}
`;

exports[`system prompt: live bytes are pinned (CORE-R11 must not change them) > plain task 1`] = `
{
  "length": 12434,
  "sha256": "7d9ae02ea9343488d48bd6f67a40cb2b046757c407379175b1448ea7c14ec075",
}
`;

exports[`system prompt: live bytes are pinned (CORE-R11 must not change them) > state without an mcpEnabled value 1`] = `
{
  "length": 12434,
  "sha256": "7d9ae02ea9343488d48bd6f67a40cb2b046757c407379175b1448ea7c14ec075",
}
`;
